WARNING: A terminally deprecated method in sun.misc.Unsafe has been called
WARNING: sun.misc.Unsafe::staticFieldBase has been called by com.google.inject.internal.aop.HiddenClassDefiner (file:/opt/homebrew/Cellar/maven/3.9.11/libexec/lib/guice-5.1.0-classes.jar)
WARNING: Please consider reporting this to the maintainers of class com.google.inject.internal.aop.HiddenClassDefiner
WARNING: sun.misc.Unsafe::staticFieldBase will be removed in a future release
[INFO] Scanning for projects...
[INFO] 
[INFO] ---------------------< org.example:SYOS_CB012063 >----------------------
[INFO] Building SYOS_CB012063 1.0-SNAPSHOT
[INFO]   from pom.xml
[INFO] --------------------------------[ war ]---------------------------------
[INFO] 
[INFO] >>> jetty:11.0.17:run (default-cli) > test-compile @ SYOS_CB012063 >>>
[INFO] 
[INFO] --- resources:3.3.1:resources (default-resources) @ SYOS_CB012063 ---
[INFO] Copying 1 resource from src/main/resources to target/classes
[INFO] 
[INFO] --- compiler:3.13.0:compile (default-compile) @ SYOS_CB012063 ---
[INFO] Nothing to compile - all classes are up to date.
[INFO] 
[INFO] --- resources:3.3.1:testResources (default-testResources) @ SYOS_CB012063 ---
[INFO] skip non existing resourceDirectory /Users/thuannaheempakeer/Downloads/Projects/Freelancing/SYOS_CB012063_Final/SYOS_CB012063/src/test/resources
[INFO] 
[INFO] --- compiler:3.13.0:testCompile (default-testCompile) @ SYOS_CB012063 ---
[INFO] Nothing to compile - all classes are up to date.
[INFO] 
[INFO] <<< jetty:11.0.17:run (default-cli) < test-compile @ SYOS_CB012063 <<<
[INFO] 
[INFO] 
[INFO] --- jetty:11.0.17:run (default-cli) @ SYOS_CB012063 ---
[INFO] Configuring Jetty for project: SYOS_CB012063
[INFO] Classes = /Users/thuannaheempakeer/Downloads/Projects/Freelancing/SYOS_CB012063_Final/SYOS_CB012063/target/classes
[INFO] Context path = /syos
[INFO] Tmp directory = /Users/thuannaheempakeer/Downloads/Projects/Freelancing/SYOS_CB012063_Final/SYOS_CB012063/target/tmp
[INFO] web.xml file = file:///Users/thuannaheempakeer/Downloads/Projects/Freelancing/SYOS_CB012063_Final/SYOS_CB012063/src/main/webapp/WEB-INF/web.xml
[INFO] Webapp directory = /Users/thuannaheempakeer/Downloads/Projects/Freelancing/SYOS_CB012063_Final/SYOS_CB012063/src/main/webapp
[INFO] Web defaults = org/eclipse/jetty/webapp/webdefault.xml
[INFO] Web overrides =  none
[INFO] jetty-11.0.17; built: 2023-10-09T18:39:14.424Z; git: 48e7716b9462bebea6732b885dbebb4300787a5c; jvm 24.0.2
[INFO] Session workerName=node0
[INFO] Started o.e.j.m.p.MavenWebAppContext@21c747a{SYOS Retail Management System,/syos,[file:///Users/thuannaheempakeer/Downloads/Projects/Freelancing/SYOS_CB012063_Final/SYOS_CB012063/src/main/webapp/],AVAILABLE}{file:///Users/thuannaheempakeer/Downloads/Projects/Freelancing/SYOS_CB012063_Final/SYOS_CB012063/src/main/webapp/}
[INFO] ------------------------------------------------------------------------
[INFO] BUILD FAILURE
[INFO] ------------------------------------------------------------------------
[INFO] Total time:  1.080 s
[INFO] Finished at: 2025-09-28T21:41:07+05:30
[INFO] ------------------------------------------------------------------------
[ERROR] Failed to execute goal org.eclipse.jetty:jetty-maven-plugin:11.0.17:run (default-cli) on project SYOS_CB012063: Error starting jetty: Failed to bind to 0.0.0.0/0.0.0.0:8080: Addre[INFO] Stopped Server@6963b88c{STOPPING}[11.0.17,sto=0]
[INFO] Stopped ServerConnector@1edccfd4{HTTP/1.1, (http/1.1)}{0.0.0.0:8080}
[INFO] Stopped o.e.j.m.p.MavenWebAppContext@29f38091{SYOS Retail Management System,/syos,[file:///Users/thuannaheempakeer/Downloads/Projects/Freelancing/SYOS_CB012063_Final/SYOS_CB012063/src/main/webapp/],STOPPED}{file:///Users/thuannaheempakeer/Downloads/Projects/Freelancing/SYOS_CB012063_Final/SYOS_CB012063/src/main/webapp/}
